// Jest Snapshot v1, https://goo.gl/fbAQLP

exports[`<Tag /> should render component by default 1`] = `
.c0 {
  width: -webkit-fit-content;
  width: -moz-fit-content;
  width: fit-content;
  max-width: 20rem;
  padding: 0.5rem 2.4rem;
  color: #FAFAFA;
  font-size: calc(1.2rem - 0.1rem);
  font-weight: 600;
  border-style: solid;
  border-width: 1px;
  border-radius: 20px;
  overflow: hidden;
  background-color: #bae2fa;
  border-color: #189CEF;
  color: #189CEF;
}

<div
  class="c0"
  color="blue"
  role="textbox"
>
  Tag example
</div>
`;
